2017 247  0   3.8   3.9 37   -20 185.5
2017 247  1   4.3   3.6 37   -23 185.5
2017 247  2   3.5   4.1 37   -24 185.5
2017 247  3   4.2   3.5 33   -32 185.5
2017 247  4   3.8   2.9 33   -28 185.5
2017 247  5   3.4   2.5 33   -24 185.5
2017 247  6   3.7   2.9 17   -18 185.5
2017 247  7   4.1   2.9 17   -10 185.5
2017 247  8   4.1   3.6 17   -10 185.5
2017 247  9   4.3   4.5 20   -11 185.5
2017 247 10   5.1   4.1 20   -12 185.5
2017 247 11   4.9   4.5 20   -11 185.5
2017 247 12   3.5   4.7 17   -16 185.5
2017 247 13   3.9   4.6 17   -20 185.5
2017 247 14   3.5   5.7 17   -20 185.5
2017 247 15   2.8   6.7 27   -16 185.5
2017 247 16   5.6   8.3 27    -9 185.5
2017 247 17   7.5   9.3 27    -4 185.5
2017 247 18   6.4  11.1 37   -10 185.5
2017 247 19   6.7  11.0 37   -11 185.5
2017 247 20   7.3  10.6 37    -6 185.5
2017 247 21   7.4   6.8 47   -10 185.5
2017 247 22   7.5   6.9 47   -12 185.5
2017 247 23   6.6   6.7 47   -14 185.5
2017 248  0   6.2   5.8 40   -12 122.5
2017 248  1   5.0   4.1 40   -13 122.5
2017 248  2   3.3   2.9 40   -22 122.5
2017 248  3   3.3   2.9 30   -27 122.5
2017 248  4   3.1   2.9 30   -27 122.5
2017 248  5   3.0   3.3 30   -24 122.5
2017 248  6   3.4   3.3 23   -19 122.5
2017 248  7   3.1   3.1 23   -18 122.5
2017 248  8   3.4   2.6 23   -11 122.5
2017 248  9   3.2   2.5 17    -9 122.5
2017 248 10   3.1   2.3 17    -8 122.5
2017 248 11   3.2   2.2 17    -8 122.5
2017 248 12   3.4   2.0 20   -13 122.5
2017 248 13   3.4   2.0 20   -19 122.5
2017 248 14   3.4   1.9 20   -20 122.5
2017 248 15   3.5   2.5 23   -19 122.5
2017 248 16   3.6   2.6 23   -17 122.5
2017 248 17   3.4   3.3 23   -17 122.5
2017 248 18   3.8   3.0 27   -20 122.5
2017 248 19   3.7   3.6 27   -17 122.5
2017 248 20   4.0   3.4 27   -16 122.5
2017 248 21   4.6   3.7 13   -16 122.5
2017 248 22   4.9   3.3 13   -18 122.5
2017 248 23   4.6   4.5 13   -14 122.5
2017 249  0   4.1   4.1 13   -12 134.9
2017 249  1   4.4   3.6 13   -10 134.9
2017 249  2   4.8   2.7 13   -10 134.9
2017 249  3   4.4   3.8 13   -10 134.9
2017 249  4   3.2   6.3 13    -3 134.9
2017 249  5   2.6   4.9 13    -6 134.9
2017 249  6   3.3   4.0 13    -4 134.9
2017 249  7   2.9   4.3 13    -4 134.9
2017 249  8   2.8   4.6 13    -4 134.9
2017 249  9   2.7   4.7 27    -4 134.9
2017 249 10   2.3   4.5 27    -6 134.9
2017 249 11   1.9   4.0 27    -8 134.9
2017 249 12   2.9   4.0 30    -3 134.9
2017 249 13   2.3   3.1 30   -10 134.9
2017 249 14   2.7   3.2 30   -20 134.9
2017 249 15   3.0   3.1 17   -21 134.9
2017 249 16   2.9   4.0 17   -16 134.9
2017 249 17   2.1   3.2 17   -16 134.9
2017 249 18   2.4   2.3  3   -16 134.9
2017 249 19   2.8   2.6  3   -13 134.9
2017 249 20   2.4   2.3  3   -13 134.9
2017 249 21   2.7   2.2 33   -16 134.9
2017 249 22   3.2   2.7 33   -18 134.9
2017 249 23   4.5   3.7 33   -10 134.9
2017 250  0  10.5   8.7 27    19 130.4
2017 250  1  14.4  12.9 27    29 130.4
2017 250  2   8.1  13.9 27    24 130.4
2017 250  3   7.1  12.2 37    15 130.4
2017 250  4   8.0  11.6 37    -2 130.4
2017 250  5   9.5  11.0 37   -14 130.4
2017 250  6  10.0  10.6 37    -6 130.4
2017 250  7   9.4   8.9 37   -17 130.4
2017 250  8  10.7   7.3 37   -23 130.4
2017 250  9  12.1   5.9 37   -26 130.4
2017 250 10  11.8   5.9 37   -27 130.4
2017 250 11  11.0   5.8 37   -28 130.4
2017 250 12   8.5   6.5 27   -17 130.4
2017 250 13   7.1   6.4 27   -17 130.4
2017 250 14   6.7   6.4 27   -21 130.4
2017 250 15   7.9   5.2 20   -25 130.4
2017 250 16   7.8   4.5 20   -19 130.4
2017 250 17   9.3   3.6 20   -16 130.4
2017 250 18   9.2   3.6 27   -12 130.4
2017 250 19   8.6   4.2 27    -7 130.4
2017 250 20   8.9   3.6 27    -8 130.4
2017 250 21  10.2   3.2 77   -18 130.4
2017 250 22  10.5   2.3 77   -44 130.4
2017 250 23  22.2   3.9 77   -86 130.4
2017 251  0  27.3   4.0 80  -128 118.5
2017 251  1  21.0   3.4 80  -148 118.5
2017 251  2  12.4   2.5 80  -132 118.5
2017 251  3  15.5   3.1 47  -116 118.5
2017 251  4  13.6   2.4 47  -130 118.5
2017 251  5  15.3   2.7 47  -119 118.5
2017 251  6  16.2   2.6 43  -114 118.5
2017 251  7  17.1   2.5 43  -112 118.5
2017 251  8  11.2   3.4 43   -89 118.5
2017 251  9   9.4   5.1 50   -73 118.5
2017 251 10   9.6   5.7 50   -66 118.5
2017 251 11  11.6   4.6 50   -65 118.5
2017 251 12  16.7   2.6 83   -90 118.5
2017 251 13  14.3   2.1 83  -114 118.5
2017 251 14  12.4   5.3 83  -116 118.5
2017 251 15  11.1   3.5 73  -123 118.5
2017 251 16   8.1   2.9 73  -108 118.5
2017 251 17   7.3   3.1 73  -117 118.5
2017 251 18   4.8   3.3 63  -101 118.5
2017 251 19   4.9   2.1 63  -103 118.5
2017 251 20   5.5   1.1 63  -106 118.5
2017 251 21   5.4   1.0 47   -98 118.5
2017 251 22   6.1   0.5 47  -108 118.5
2017 251 23   6.0   0.4 47  -100 118.5
2017 252  0   5.8   0.4 23   -96 108.7
2017 252  1   5.7   0.4 23   -94 108.7
2017 252  2   5.7   0.5 23   -91 108.7
2017 252  3   5.7   0.4 17   -87 108.7
2017 252  4   5.6   0.6 17   -84 108.7
2017 252  5   5.3   0.5 17   -83 108.7
2017 252  6   5.2   0.4  3   -79 108.7
2017 252  7   5.2   0.4  3   -72 108.7
2017 252  8   5.1   0.3  3   -70 108.7
2017 252  9   5.1   0.3  3   -68 108.7
2017 252 10   5.1   0.4  3   -70 108.7
2017 252 11   4.9   0.3  3   -68 108.7
2017 252 12   5.0   0.4  7   -65 108.7
2017 252 13   5.0   0.4  7   -67 108.7
2017 252 14   5.3   0.3  7   -67 108.7
2017 252 15   5.2   0.4  3   -66 108.7
2017 252 16   5.2   0.3  3   -64 108.7
2017 252 17   5.2   0.3  3   -60 108.7
2017 252 18   5.1   0.3  0   -59 108.7
2017 252 19   5.1   0.3  0   -58 108.7
2017 252 20   5.1   0.3  0   -59 108.7
2017 252 21   5.1   0.3  0   -60 108.7
2017 252 22   5.0   0.3  0   -62 108.7
2017 252 23   4.9   0.3  0   -64 108.7
2017 253  0   5.0   0.3  0   -63 101.6
2017 253  1   4.9   0.3  0   -63 101.6
2017 253  2   4.9   0.3  0   -63 101.6
2017 253  3   4.9   0.2  0   -61 101.6
2017 253  4   4.9   0.4  0   -56 101.6
2017 253  5   4.8   0.5  0   -52 101.6
2017 253  6   4.7   0.7  0   -48 101.6
2017 253  7   4.7   0.7  0   -43 101.6
2017 253  8   4.7   0.7  0   -41 101.6
2017 253  9   4.5   0.6  0   -43 101.6
2017 253 10   4.2   0.9  0   -45 101.6
2017 253 11   4.4   1.2  0   -45 101.6
2017 253 12   4.2   1.1  3   -45 101.6
2017 253 13   4.3   1.1  3   -47 101.6
2017 253 14   4.4   1.1  3   -48 101.6
2017 253 15   4.8   1.2 27   -48 101.6
2017 253 16   4.7   1.1 27   -50 101.6
2017 253 17   4.6   1.2 27   -46 101.6
2017 253 18 999.9 999.9 20   -43 101.6
2017 253 19 999.9 999.9 20   -38 101.6
2017 253 20 999.9 999.9 20   -45 101.6
2017 253 21 999.9 999.9 30   -49 101.6
2017 253 22 999.9 999.9 30   -58 101.6
2017 253 23 999.9 999.9 30   -51 101.6
2017 254  0   2.0   5.9 33   -48  80.9
2017 254  1   3.8   4.7 33   -47  80.9
2017 254  2   4.2   3.5 33   -48  80.9
2017 254  3   3.9   3.5 27   -44  80.9
2017 254  4   3.7   3.5 27   -43  80.9
2017 254  5   3.3   3.7 27   -45  80.9
2017 254  6   4.0   3.2 23   -44  80.9
2017 254  7   4.0   3.1 23   -41  80.9
2017 254  8   3.2   3.2 23   -35  80.9
2017 254  9   2.1   3.6 20   -31  80.9
2017 254 10   2.7   4.1 20   -35  80.9
2017 254 11   2.1   5.0 20   -30  80.9
2017 254 12   2.1   5.3 27   -28  80.9
2017 254 13   1.8   5.7 27   -27  80.9
2017 254 14   1.8   5.8 27   -28  80.9
2017 254 15   2.5   4.5 20   -31  80.9
2017 254 16   2.6   3.7 20   -30  80.9
2017 254 17   1.5   4.1 20   -30  80.9
2017 254 18   2.2   4.5 27   -29  80.9
2017 254 19   2.2   4.6 27   -29  80.9
2017 254 20   2.2   4.2 27   -32  80.9
2017 254 21   2.0   4.7 27   -36  80.9
2017 254 22   2.5   5.1 27   -37  80.9
2017 254 23   3.7   4.8 27   -41  80.9
